<!DOCTYPE html>
<html lang="en">

<head>
    <meta charset="UTF-8">
    <meta name="viewport" content="width=device-width, initial-scale=1.0">
    <link rel="stylesheet" href="https://stackpath.bootstrapcdn.com/bootstrap/4.5.0/css/bootstrap.min.css"
        integrity="sha384-9aIt2nRpC12Uk9gS9baDl411NQApFmC26EwAOH8WgZl5MYYxFfc+NcPb1dKGj7Sk" crossorigin="anonymous">
    <link rel="stylesheet" href="https://cdnjs.cloudflare.com/ajax/libs/Swiper/3.4.1/css/swiper.min.css">
    <link href="https://fonts.googleapis.com/css2?family=Noto+Sans+JP:wght@300;400;500;700&display=swap"
        rel="stylesheet">
    <link rel="stylesheet" href="css/fuwat.css">
    <link rel="stylesheet" href="css/style.css">
    <link rel="stylesheet" href="css/hamberger.css">
    <title>골든 브라운</title>
</head>
<style>
.slide_show {
    height : 100vh;
    width : 100vw;
    z-index : 2000;
    position : absolute;
    background : black;
    animation : slideshow 1.5s forwards;
}

@keyframes slideshow{
    0% {top : 0;}
    50% {top : 0;}
    100% {top : -100vh;}

}
</style>
<body>

    <!-- main -->
    <header>
        <nav class="main_pc_nav_wrap">
            <ul>
                <a href="index.html">
                    <h2>GOLDEN BROWN</h2>
                </a>
                <li>
                    <a href="index.html">
                        Main
                        <span>Event&Topics</span>
                    </a>
                </li>
                <li>
                    <a href="sub01.html">
                        introduce
                        <span>About us</span>
                    </a>
                </li>
                <li>
                    <a href="sub02.html">
                       Menu
                        <span>Menu</span>
                    </a>
                </li>
           
        </nav>
        <nav class="sp_nav_wrap">
            <a href="index.html">
                <a href="#" class="btnMenu"><h2>GOLDEN BROWN</h2></a>
            </a>
            <div class="button">
                <a class="btn-open" href="#"></a>
            </div>
        </nav>
        <div class="overlay">
            <div class="wrap">
                <ul class="wrap-nav">
                    <li>
                        <p>Choice</p>
                        <ul>
                            <li>
                                <a href="index.html">
                                    Main
                                    <span>Event&Topics</span>
                                </a>
                            </li>
                            <li>
                                <a href="sub01.html">
                                    introduce
                                    <span>About us</span>
                                </a>
                            </li>
                            <li>
                                <a href="sub02.html">
                                   Menu
                                    <span>Menu</span>
                                </a>
                            </li>
                        </ul>
                    </li>
                    
                </ul>
                <small>&copy; Copyright. MINWOO KIM. All Rights Reserved.</small>
            </div>
        </div>
    </header>

    <section>
        <main>
            <p class="pcview">
                Professional<br />
                전문쉐프가 만드는 디저트！
            </p>
            <center>
                <h3>GOLDEN BROWN</h3>
            </center>
            <center>
                <div class="btn">
                    <a href="#">
                        Next Page
                    </a>
                </div>
            </center>

        </main>
        <!-- news -->
        <div class="content_wrap news fuwat">
            <center>
                <div class="main_title">
                    <h1>YOUR SPECIAL BAKERY PARTNER</h1>
                    <hr>
                    <span>Partner with your business</span>
                </div>
            </center>
            <div class="swiper-container">
                <div class="swiper-wrapper">
                    <div class="swiper-slide">
                        <a href="#">
                            <div class="news_title">
                                Bakery Partnership
                            </div>
                            <p class="news_day">first</p>
                            <p class="news_txt">골든 브라운은 높은 품질의 디저트 및 베이커리를 납품하여 누구나 카페를 더 쉽고 편하게 그리고 성공적으로
                                운영할 수 있도록 만들고자 합니다. 퀄리티 있는 제품들을 손쉽게 카페 메뉴화하여 손님들의 만족도를 높이고
                                매출을 끌어올릴 수 있습니다. 당신의 카페 비즈니스 성공을 위해 우리의 베이커리 파트너십을 믿고
                                맡겨보세요.</p>
                        </a>
                    </div>
                    <div class="swiper-slide">
                        <a href="#">
                            <div class="news_title">
                                More Story about us
                            </div>
                            <p class="news_day">second</p>
                            <p class="news_txt">지난 2012 년부터 시작된 골든 브라운의 더 많은 이야기와 우리가 지키고자 하는 디저트의
                                가치에 대한 이야기가 궁금하신가요?</p>
                        </a>
                    </div>
                    <div class="swiper-slide">
                        <a href="#">
                            <div class="news_title">
                                Products of Quality
                            </div>
                            <p class="news_day">third</p>
                            <p class="news_txt">골든 브라운은 좋은 품질과 맛에 대한 엄격한 기준을 가지고,
                                디저트 및 베이커리 본연의 맛과 식감을 충분히 느끼면서 즐길 수 있는 제품들을
                                생산하고 제안합니다.</p>
                        </a>
                    </div>
                </div>
            </div>
        </div>

        <!-- about -->
        <div class="content_wrap about fuwat">
            <div class="main_title">
                <h1>Menu</h1>
                <hr>
                <span>About us</span>
            </div>
            <div class="row about_img">
                <div class="col-md-6">
                    <img src="img/blog_dalgona.png" alt="음식">
                    <h1>달고나</h1>
                    <p>부드럽고 향긋한 달고나. 클래식한 메뉴부터 모던한 느낌의 메뉴까지 다양한 컨셉의 달고나를 만나보세요.</p>
                </div>
                <div class="col-md-6">
                    <img src="img/blog_dirty.jpg" alt="음식">
                    <h1>디저트</h1>
                    <p>브런치부터 달콤한 디저트빵까지 골든 브라운의 다양한 종류의 빵들이 준비되어 있습니다.</p>
                </div>
                <div class="col-md-6">
                    <img src="img/burnt-cheese-instagram.jpg" alt="음식">
                    <h1>치즈</h1>
                    <p>다양한 토핑, 포장재 등 카페 운영에 필요한 다양한 부자재들을 준비하였습니다.</p>
                </div>
                <div class="col-md-6">
                    <img src="img/opera-cake-instagram.jpg" alt="음식">
                    <h1>케이크</h1>
                    <p>부드럽고 향긋한 케이크. 클래식한 메뉴부터 모던한 느낌의 메뉴까지 다양한 컨셉의 케이크를 만나보세요.</p>
                </div>
            </div>
        </div>

        <!-- message -->
        <div class="content_wrap message fuwat">
            <div class="main_title">
                <h1>순서</h1>
                <hr>
                <span>Message</span>
            </div>
            <center>
                <h1>제품을 납품 받고 싶으시다면?</h1>
                <p>
                    골든 브라운의 제품을 납품 받고 싶으시다면 아래의 절차를 거쳐 신청해주시기 바랍니다.
                </p>
            </center>
            <div class="container">
                <div class="row">
                    <div class="col-md-3"  id="step">
                        <dl style="color: aliceblue;justify-content: center; justify-content: center;">
                            <dt>Step 1</dt>
                            <img src="img/step1.svg"  style="background-color:thistle;">
                            <dd>신규 거래 신청서 작성<br />
                                신규 거래를 위한<br />
                                신청서 양식을 작성해주세요.</dd>
                        </dl>
                    </div>
                    <div class="col-md-3"  id="step">
                        <dl style="color: aliceblue;">
                            <dt>Step 2</dt>
                            <img src="img/step2.svg"  style="background-color:thistle;">
                            <dd>첨부파일<br />
                                신청서 작성 시 첨부하지 못한<br />
                                사업자등록증/통장사본을<br />
                                팩스로 접수해주세요.</dd>
                        </dl>
                    </div>
                    <div class="col-md-3"  id="step">
                        <dl style="color: aliceblue;">
                            <dt>Step 3</dt>
                            <img src="img/step3.svg"  style="background-color:thistle;">
                            <dd>상담 및 안내<br />
                                본사 상담원이 고객님께<br />
                                이메일/카카오톡으로<br />
                                가입 안내를 드립니다.</dd>
                        </dl>
                    </div>
                    <div class="col-md-3"  id="step">
                        <dl style="color: aliceblue;">
                            <dt>Step 4</dt>
                            <img src="img/step4.svg"  style="background-color:thistle;">
                            <dd>온라인 주문에 필요한<br />
                                아이디와 비밀번호를<br />
                                발급해드립니다.</dd>
                        </dl>
                    </div>
                    </div>
                </div>
            </div>
        </div>
        </div>

        <!-- menu -->
        <div class="content_wrap menu fuwat">
            <div class="main_title">
                <center>
                    <h1>Main</h1>
                    <hr>
                    <span>Menu</span>
                    <p class="spview">메인 메뉴입니다。</p>
                </center>

                <div class="row menu_wrap">
                    <div class="col-md-4">
                        <a href="#">
                            <div class="menu_img">
                                <img src="img/insta_caramel.jpg">
                            
                            </div>
                        </a>
                    </div>
                    <div class="col-md-4">
                        <a href="#">
                            <div class="menu_img">
                                <img src="img/insta_malcha.jpg">
                               
                            </div>
                        </a>
                    </div>
                    <div class="col-md-4">
                        <a href="#">
                            <div class="menu_img">
                                <img src="img/burnt-cheese-instagram.jpg">
                              
                            </div>
                        </a>
                    </div>
                    <p class="menu_txt">
                        여러가지 제품을 시식해보세요。
                    </p>


                    <center>
                        <div class="btn">
                            <a href="#">바로가기</a>
                        </div>
                    </center>
                </div>
            </div>
        </div>

        <div class="content_wrap about fuwat">
			<div class="container mt-3">
                <center>
				<h2>Video</h2>
						<li data-target="#myCarousel" data-slide-to="0" class="active"></li>
				
					<div class="carousel-inner">
						<div class="carousel-item active">
                            <iframe width="70%" height="315" src="https://www.youtube.com/embed/w4qEb_-lMXs" title="YouTube video player" frameborder="0" allow="accelerometer; autoplay; clipboard-write; encrypted-media; gyroscope; picture-in-picture" allowfullscreen></iframe>
						</div>
                    </center>
		</div>


        <!-- contact -->
        <div class="content_wrap contact fuwat">
            <div class="main_title">
                <center>
                    <h1>궁금하신점이 있으신가요?</h1>
                    <hr>
                    <span>Contact</span>
                </center>

                <div class="row contact_wrap">
                    <div class="input_wrap">
                        <label>이름</label><span>*</span></label>
                        <input type="text"><br />
                    </div>
                    <div class="input_wrap">
                        <label>이메일<span>*</span></label>
                        <input type="email"><br />
                    </div>
                    <div class="input_wrap">
                        <label>제목</label>
                        <input type="tel"><br />
                    </div>
                    <div class="input_wrap">
                        <label>문의사항</label>
                        <textarea></textarea>
                    </div>

                    <center>
                        <div class="btn">
                            <a href="#">
                                SEND
                            </a>
                        </div>
                    </center>
                </div>
            </div>
        </div>
        <footer>
            <div class="row">
                <div class="col-md-6 pcview">
                    <ul>
                        <li><a href="#">엔와이푸드</a></li>
                        <li><a href="#">사업자 등록번호 ***-***-****</a></li>
                        <li><a href="#">경기도 부천시   </a></li>
                        <li><a href="#">1588-****</a></li>
                        <li><a href="#">예금주 ***</a></li>
                    </ul>
                </div>
                <div class="col-md-6 faq_wrap pcview">
                    <a href="#">고객센터</a>
                    <div class="btn">
                        <a href="#">
                          1566-****
                        </a>
                    </div>
                </div>
                <div class="col-md-5 faq_wrap spview">
                    <a href="#">ご予約・お問合わせは</a><br />
                    <div class="btn">
                        <a href="#">
                            03-6240-0471
                        </a>
                    </div>
                </div>
                <div class="col-md-8 pcview">
                    <small>&copy; Copyright. MINWOO KIM. All Rights Reserved.</small>
                </div>
                <div class="col-md-4 sns_wrap" style="margin-top:40px;">
                    <a href="#">
                        <img src="img/sns_ico01.png" alt="sns">
                    </a>
                    <a href="#">
                        <img src="img/sns_ico02.png" alt="sns">
                    </a>
                    <a href="#">
                        <img src="img/sns_ico03.png" alt="sns">
                    </a>
                    <a href="#">
                        <img src="img/sns_ico04.png" alt="sns">
                    </a>
                </div>
                <div class="privacy">
                    <a href="#">PORTFOLIO</a>
                </div>
            </div>
        </footer>
    </section>





    <script src='https://cdnjs.cloudflare.com/ajax/libs/jquery/3.4.1/jquery.min.js'>
        <script src="https://cdn.jsdelivr.net/npm/popper.js@1.16.0/dist/umd/popper.min.js" integrity="sha384-Q6E9RHvbIyZFJoft+2mJbHaEWldlvI9IOYy5n3zV9zzTtmI3UksdQRVvoxMfooAo" crossorigin="anonymous"></script>
    <script src="https://stackpath.bootstrapcdn.com/bootstrap/4.5.0/js/bootstrap.min.js"
        integrity="sha384-OgVRvuATP1z7JjHLkuOU7Xw704+h835Lr+6QL9UvYjZE3Ipu6Tp75j7Bh/kR0JKI"
        crossorigin="anonymous"></script>
    <script src="https://cdnjs.cloudflare.com/ajax/libs/Swiper/3.4.1/js/swiper.min.js"></script>
    <script>
        var mySwiper = new Swiper ('.swiper-container', {
            loop: true,
        slidesPerView: 2,
        spaceBetween: 90,
        centeredSlides : true,
        pagination: '.swiper-pagination',
        nextButton: '.swiper-button-next',
        prevButton: '.swiper-button-prev',
        breakpoints: {
            767: {
            slidesPerView: 1,
        spaceBetween: 0
            }
            }
        })
    </script>
    <script src="js/hamberger.js"></script>
    <script src="js/fuwat.js"></script>
</body>

</html>