<!DOCTYPE html>
<html lang="en">
<head>
    <meta charset="UTF-8">
    <meta name="viewport" content="width=device-width, initial-scale=1.0">
    <link rel="stylesheet" href="https://stackpath.bootstrapcdn.com/bootstrap/4.5.0/css/bootstrap.min.css" integrity="sha384-9aIt2nRpC12Uk9gS9baDl411NQApFmC26EwAOH8WgZl5MYYxFfc+NcPb1dKGj7Sk" crossorigin="anonymous">

    <link rel="stylesheet" href="css/sub_common.css">
    <link rel="stylesheet" href="css/sub01.css">
    <link rel="stylesheet" href="css/hamberger.css">
    <title>회사소개</title>
</head>
<body>

    <!-- main -->
    <header>
        <div class="container">
            <div class="row">
                <div class="col-12">
                    <nav class="main_pc_nav_wrap pcview">
                        <a href="index.html"><h2 style="color:white;">GOLDEN BROWN</h2></a>
                        <ul>
                            <li>
                                <a href="index.html">
                                    Main
                                    <span>Event&Topics</span>
                                </a>
                            </li>
                            <li>
                                <a href="sub01.html">
                                    introduce
                                    <span>About us</span>
                                </a>
                            </li>
                            <li>
                                <a href="sub02.html">
                                   Menu
                                    <span>Menu</span>
                                </a>
                            </li>
                            </div>
                        </ul>
                    </nav>
                </div>
            </div>
        </div>
        
        <nav class="sp_nav_wrap spview">
            <a href="index.html">
    
            </a>
            <div class="button">
                <a class="btn-open" href="#"></a>
            </div>
        </nav>
        <div class="overlay">
            <div class="wrap">
                <ul class="wrap-nav">
                    <li>
                        <p>Choice</p>
                        <ul>
                            <li>
                                <a href="index.html">
                                    Main
                                    <span>Event&Topics</span>
                                </a>
                            </li>
                            <li>
                                <a href="sub01.html">
                                    introduce
                                    <span>About us</span>
                                </a>
                            </li>
                            <li>
                                <a href="sub02.html">
                                   Menu
                                    <span>Menu</span>
                                </a>
                            </li>
                        </ul>
                    </li>
               
                <small>&copy; Copyright. MINWOO KIM . All Rights Reserved.</small>
            </div>
        </div>
    </header>
    <section>
        <div class="container">
            <div class="row">
                <div class="col-12">
                    <!-- news -->
                    <div class="content_wrap">
                        <div class="main_title">
                            <h1>소개</h1>
                        
                        </div>

                        <div class="row">
                            <div class="col-md-6 about">
                                <h1>
                                    골든 브라운의 핵심가치는 파트너십에 있습니다.<br/>
                                    지난 2012년부터 수없이 많은 시장조사와 제품 개발을<br/>
                                    통해 카페들이 필요로 하는 메뉴를 공급하고 우리도 함께 성장해왔습니다.
                                </h1>
                                <p>
                                    그 과정에서 겪은 시행착오와 경험을 통해 골든 브라운은 트렌드를 분석하며<br/>
                                    메뉴를 개발하는 노하우를 축적하였습니다. 이러한 과정 속에서 우리의 파트너십을<br/>
                                    더 특별하게 만드는 것은 지속적인 품질 향상과 꾸준한 신제품 출시를 통해<br/>
                                    고객의 만족도를 높이는 것임을 알게 되었습니다.<br/>
                                    점점 치열해져가는 커피 시장 틈바구니에서 골든 브라운과 거래하는 점주님들의<br/>
                                    비즈니스를 돕는 것이 우리가 발전하는 길이라는 것을 알기에 앞으로도 신뢰를 바탕으로 파트너사와 함께 성장하는 골든 브라운이 될 것을 약속드립니다.
                                </p>
                            </div>
                            <div class="col-md-6 about_img">
                                <img src="img/greeting_img_01.jpg" alt="menu" style="height:400px">
                            </div>
                        </div>

                        <div class="main_title">
                            <h1>골든 브라운의 제품은 전문가가 기획하고 개발하기에 더욱 특별합니다.</h1>
                        
                        </div>

                        <div class="row point_wrap">
                            <div class="col-md-6 point">
                              
                                <p>
                                 
해외 디저트 브랜드는 어떤지, 국내에서 사랑받는 디저트는 무엇인지?

골든 브라운 제품은 이러한 고민과 질문들을 반복하고 되짚어보는 과정 속에서 만들어지고
있습니다. 세계 3대 요리학교인 CIA출신 대표와 전문가 그룹이 수개월의 기획 개발 과정을
가지고 제품을 출시합니다. 카페 베이커리 메뉴 개발의 어려움은
전문 베이커리 파트너 골든 브라운에게 맡기고 비즈니스의 핵심 영역에 집중 해보세요.
                                </p>
                            </div>
                            <div class="col-md-6 point_img">
                                <img src="img/greeting_img_02.jpg" alt="menu">
                            </div>
                        </div>
                        <div class="row point_wrap">
                            <div class="col-md-6 point_img pcview">
                                <img src="img/greeting_img_03.jpg" alt="menu">
                            </div>
                            <div class="col-md-6 point flex-end">
                                <h1>전문가의 노하우와 지식이 가득 담겨 더욱 특별한<br/>
                                    골든 브라운의 제품을 만나보세요.</h1>
                
                            </div>
                            <div class="col-md-6 point_img spview">
                                <img src="img/greeting_img_04.jpg" alt="menu">
                            </div>
                        </div>
                        <div class="row point_wrap">
                            <div class="col-md-6 point">
                                <h1>골든 브라운이 추구하는 맛있는 디저트의 레시피란
                                    재료 본연의 맛과 향을 살릴 수 있는 것이어야 합니다.</h1>
                                <p>
                                    홍차의 향과 조화를 이루는 산뜻한 한라봉 시트러스, 다크초콜릿의 풍미를 끌어올리는<br/>
                                    에스프레소 조합과 같이 재료의 특징과 향을 살려 그 본연의 맛을 이끌어내는 것이<br/>
                                    골든 브라운 레시피의 기본 원칙입니다. 우리가 이 원칙을 제1원칙으로 삼는 이유는<br/>
                                    디저트를 단순한 달콤함을 넘어 재료가 지닌 향과 식감의 매력을 함께 전달해드리기<br/>
                                    위해서입니다. 다양한 매력이 묻어 나오는 우리의 제품을 통해 보다 많은 손님을<br/>
                                    당신의 가게로 이끌어보세요.
                                    
                                    
                                </p>
                            </div>
                            <div class="col-md-6 point_img">
                                <img src="img/greeting.jpg " alt="menu">
                            </div>
                        </div>
                    </div>
                </div>
            </div>
        </div>

        <footer>
            <div class="row">
                <div class="col-md-6 pcview">
                    <ul>
                        <li><a href="#">엔와이푸드</a></li>
                        <li><a href="#">사업자 등록번호 ***-***-****</a></li>
                        <li><a href="#">경기도 부천시   </a></li>
                        <li><a href="#">1588-****</a></li>
                        <li><a href="#">예금주 ***</a></li>
                    </ul>
                </div>
                <div class="col-md-6 faq_wrap pcview">
                    <a href="#">고객센터</a>
                    <div class="btn">
                        <a href="#">
                          1566-****
                        </a>
                    </div>
                </div>
                <div class="col-md-5 faq_wrap spview">
                    <a href="#">전화번호</a><br />
                    <div class="btn">
                        <a href="#">
                            031-****-****
                        </a>
                    </div>
                </div>
                <div class="col-md-8 pcview">
                    <small>&copy; Copyright. MINWOO KIM. All Rights Reserved.</small>
                </div>
                <div class="col-md-4 sns_wrap" style="margin-top:40px;">
                    <a href="#">
                        <img src="img/sns_ico01.png" alt="sns">
                    </a>
                    <a href="#">
                        <img src="img/sns_ico02.png" alt="sns">
                    </a>
                    <a href="#">
                        <img src="img/sns_ico03.png" alt="sns">
                    </a>
                    <a href="#">
                        <img src="img/sns_ico04.png" alt="sns">
                    </a>
                </div>
                <div class="privacy">
                    <a href="#">PORTFOLIO</a>
                </div>
            </div>
        </footer>
       
    </section>
    
    

    <script src='https://cdnjs.cloudflare.com/ajax/libs/jquery/3.4.1/jquery.min.js'></script>
    <script src="https://cdn.jsdelivr.net/npm/popper.js@1.16.0/dist/umd/popper.min.js" integrity="sha384-Q6E9RHvbIyZFJoft+2mJbHaEWldlvI9IOYy5n3zV9zzTtmI3UksdQRVvoxMfooAo" crossorigin="anonymous"></script>
    <script src="https://stackpath.bootstrapcdn.com/bootstrap/4.5.0/js/bootstrap.min.js" integrity="sha384-OgVRvuATP1z7JjHLkuOU7Xw704+h835Lr+6QL9UvYjZE3Ipu6Tp75j7Bh/kR0JKI" crossorigin="anonymous"></script>
    <script src="js/hamberger.js"></script>
</body>
</html>