<!DOCTYPE html>
<html lang="en">
<head>
    <meta charset="UTF-8">
    <meta name="viewport" content="width=device-width, initial-scale=1.0">
    <link rel="stylesheet" href="https://stackpath.bootstrapcdn.com/bootstrap/4.5.0/css/bootstrap.min.css" integrity="sha384-9aIt2nRpC12Uk9gS9baDl411NQApFmC26EwAOH8WgZl5MYYxFfc+NcPb1dKGj7Sk" crossorigin="anonymous">
    <link rel="stylesheet" href="https://cdnjs.cloudflare.com/ajax/libs/Swiper/3.4.1/css/swiper.min.css">
    <link rel="stylesheet" href="css/sub02.css">
    <link rel="stylesheet" href="css/sub_common.css">
    <link rel="stylesheet" href="css/hamberger.css">
    <title>제품소개</title>
</head>
<body>

    <!-- main -->
    <header>
        <div class="container">
            <div class="row">
                <div class="col-12">
                    <nav class="main_pc_nav_wrap pcview">
                        <a href="index.html"><h2 style="color:white;">GOLDEN BROWN</h2></a>
                        <ul>
                            <li>
                                <a href="index.html">
                                    Main
                                    <span>Event&Topics</span>
                                </a>
                            </li>
                            <li>
                                <a href="sub01.html">
                                    introduce
                                    <span>About us</span>
                                </a>
                            </li>
                            <li>
                                <a href="sub02.html">
                                   Menu
                                    <span>Menu</span>
                                </a>
                            </li>
                            </div>
                        </ul>
                    </nav>
                </div>
            </div>
        </div>
        
        <nav class="sp_nav_wrap spview">
            <a href="index.html">
    
            </a>
            <div class="button">
                <a class="btn-open" href="#"></a>
            </div>
        </nav>
        <div class="overlay">
            <div class="wrap">
                <ul class="wrap-nav">
                    <li>
                        <p>Choice</p>
                        <ul>
                            <li>
                                <a href="index.html">
                                    Main
                                    <span>Event&Topics</span>
                                </a>
                            </li>
                            <li>
                                <a href="sub01.html">
                                    introduce
                                    <span>About us</span>
                                </a>
                            </li>
                            <li>
                                <a href="sub02.html">
                                   Menu
                                    <span>Menu</span>
                                </a>
                            </li>
                        </ul>
                    </li>
               
                <small>&copy; Copyright. MINWOO KIM . All Rights Reserved.</small>
            </div>
        </div>
    </header>

    <section>
        <div class="container">
            <div class="row">
                <div class="col-12">
                    <!-- news -->
                    <div class="content_wrap news">
                        <div class="main_title">
                            <h1>제품소개</h1>
                            <span>Menus</span>
                        </div>
                        <div class="swiper-container">
                            <div class="swiper-wrapper">
                                <div class="swiper-slide">
                                    <a href="#">
                                        <div class="news_title" id="title1">
                                            
                                        </div>
                            
                                        <div class="container-sm">
                                            <div class="row">
                                                <div class="col-12">
                                                    <p class="news_day">입체말판 초코판</p>
                                                    <p class="news_txt">Deco Matcha Chocolates Sign Board。</p>
                                                </div>
                                            </div>
                                        </div>
                                    </a>
                                </div>
                                <div class="swiper-slide">
                                    <a href="#">
                                        <div class="news_title" id="title2">
                                       
                                        </div>
                                        <div class="container-sm">
                                            <div class="row">
                                                <div class="col-12">
                                                    <p class="news_day">입체화이트 초코판</p>
                                                    <p class="news_txt">Deco White Chocolates Sign Board。</p>
                                                </div>
                                            </div>
                                        </div>
                                    </a>
                                </div>
                                <div class="swiper-slide">
                                    <a href="#">
                                        <div class="news_title" id="title3">
                                      
                                        </div>
                                        <div class="container-sm">
                                            <div class="row">
                                                <div class="col-12">
                                                    <p class="news_day">쿠키 찰빵</p>
                                                    <p class="news_txt">Frozen Coockie Chal Bread。</p>
                                                </div>
                                            </div>
                                        </div>
                                    </a>
                                </div>
                            </div>
                            <div class="container-sm pagination_wrap">
                                <div class="row">
                                    <div class="col-12">
                                        <div class="swiper-button-prev"></div>
                                        <div class="swiper-button-next"></div>
                                    </div>
                                </div>
                                
                            </div>
                            <div class="swiper-pagination"></div>
                        </div>
                    </div>
                </div>
            </div>
        </div>

        <!-- message -->
        <div class="content_wrap news_list">
            <div class="container">
                <div class="row">
                    <ul>
                        <li>
                            <a href="#">
                                <div class="col-4 news_day">케이크</div>
                                <div class="col-6 news_title">부드럽고 향긋한 케이크 클래식한 메뉴부터 <br/>
                                    모던한 느낌의 메뉴까지 다양한 컨셉의 케이크를 만나보세요。</div>
                                <div class="col-2"><div class="btn">바로가기</div></div>
                            </a>
                        </li>
                        <li>
                            <a href="#">
                                <div class="col-4 news_day">디저트</div>
                                <div class="col-6 news_title">마카롱,미니쿠키 등 다양하고 다채로운 <br/>
                                    골든 브라운의 달콤한 디저트를 만나보세요。</div>
                                <div class="col-2"><div class="btn">바로가기</div></div>
                            </a>
                        </li>
                        <li>
                            <a href="#">
                                <div class="col-4 news_day">브레드</div>
                                <div class="col-6 news_title">브런치부터 달콤한 디저트빵까지 골든 브라운의 <br/>
                                    다양한 종류의 빵들이 준비되어 있습니다。</div>
                                <div class="col-2"><div class="btn">바로가기</div></div>
                            </a>
                        </li>
                        <li>
                            <a href="#">
                                <div class="col-4 news_day">생지</div>
                                <div class="col-6 news_title">발효 없이 누구나 손쉽게 구울 수 있는 각양각색의 냉동생지들이 골든브라운에 준비되어 있습니다。</div>
                                <div class="col-2"><div class="btn">바로가기</div></div>
                            </a>
                        </li>
                        <li>
                            <a href="#">
                                <div class="col-4 news_day">추천상품</div>
                                <div class="col-6 news_title">맛과 품질은 유지하면서 배달에 적합한 골든브라운의 다양한 메뉴를 추천드립니다。</div>
                                <div class="col-2"><div class="btn">바로가기</div></div>
                            </a>
                        </li>
                    </ul>
                    
                </div>
            </div>
        </div>

        
        <footer>
            <div class="row">
                <div class="col-md-6 pcview">
                    <ul>
                        <li><a href="#">엔와이푸드</a></li>
                        <li><a href="#">사업자 등록번호 ***-***-****</a></li>
                        <li><a href="#">경기도 부천시   </a></li>
                        <li><a href="#">1588-****</a></li>
                        <li><a href="#">예금주 ***</a></li>
                    </ul>
                </div>
                <div class="col-md-6 faq_wrap pcview">
                    <a href="#">고객센터</a>
                    <div class="btn">
                        <a href="#">
                          1566-****
                        </a>
                    </div>
                </div>
                <div class="col-md-5 faq_wrap spview">
                    <a href="#">전화번호</a><br />
                    <div class="btn">
                        <a href="#">
                         031-****-****
                        </a>
                    </div>
                </div>
                <div class="col-md-8 pcview">
                    <small>&copy; Copyright. MINWOO KIM. All Rights Reserved.</small>
                </div>
                <div class="col-md-4 sns_wrap" style="margin-top:40px;">
                    <a href="#">
                        <img src="img/sns_ico01.png" alt="sns">
                    </a>
                    <a href="#">
                        <img src="img/sns_ico02.png" alt="sns">
                    </a>
                    <a href="#">
                        <img src="img/sns_ico03.png" alt="sns">
                    </a>
                    <a href="#">
                        <img src="img/sns_ico04.png" alt="sns">
                    </a>
                </div>
                <div class="privacy">
                    <a href="#">PORTFOLIO</a>
                </div>
            </div>
        </footer>
       
    </section>
    
    




    <script src='https://cdnjs.cloudflare.com/ajax/libs/jquery/3.4.1/jquery.min.js'></script>
    <script src="https://cdn.jsdelivr.net/npm/popper.js@1.16.0/dist/umd/popper.min.js" integrity="sha384-Q6E9RHvbIyZFJoft+2mJbHaEWldlvI9IOYy5n3zV9zzTtmI3UksdQRVvoxMfooAo" crossorigin="anonymous"></script>
    <script src="https://stackpath.bootstrapcdn.com/bootstrap/4.5.0/js/bootstrap.min.js" integrity="sha384-OgVRvuATP1z7JjHLkuOU7Xw704+h835Lr+6QL9UvYjZE3Ipu6Tp75j7Bh/kR0JKI" crossorigin="anonymous"></script>
    <script src="https://cdnjs.cloudflare.com/ajax/libs/Swiper/3.4.1/js/swiper.min.js"></script>
    <script>
        var mySwiper = new Swiper ('.swiper-container', {
            loop: true,
            slidesPerView: 1,
            spaceBetween: 10,
            centeredSlides : true,
            pagination: '.swiper-pagination',
            nextButton: '.swiper-button-next',
            prevButton: '.swiper-button-prev',
            breakpoints: {
            767: {
                slidesPerView: 1,
                spaceBetween: 0
            }
            }
        })
    </script>
    <script src="js/hamberger.js"></script>
</body>
</html>